// Jest Snapshot v1, https://goo.gl/fbAQLP

exports[`should match snapshot  1`] = `
<div>
  <div
    class="Skills"
  >
    <main>
      <div
        class="container__skill-card"
      >
        <div
          class="wire"
        >
          <span
            class="nail"
          />
        </div>
        <div
          class="skill-box center"
        >
          <div
            class="logo bg-javascript"
          />
          <span>
            JavaScript
          </span>
        </div>
      </div>
      <div
        class="container__skill-card"
      >
        <div
          class="wire"
        >
          <span
            class="nail"
          />
        </div>
        <div
          class="skill-box center"
        >
          <div
            class="logo bg-react"
          />
          <span>
            React
          </span>
        </div>
      </div>
      <div
        class="container__skill-card"
      >
        <div
          class="wire"
        >
          <span
            class="nail"
          />
        </div>
        <div
          class="skill-box center"
        >
          <div
            class="logo bg-typescript"
          />
          <span>
            Typescript
          </span>
        </div>
      </div>
      <div
        class="container__skill-card"
      >
        <div
          class="wire"
        >
          <span
            class="nail"
          />
        </div>
        <div
          class="skill-box center"
        >
          <div
            class="logo bg-react"
          />
          <span>
            React Query
          </span>
        </div>
      </div>
      <div
        class="container__skill-card"
      >
        <div
          class="wire"
        >
          <span
            class="nail"
          />
        </div>
        <div
          class="skill-box center"
        >
          <div
            class="logo bg-html-5"
          />
          <span>
            Semantic HTML
          </span>
        </div>
      </div>
      <div
        class="container__skill-card"
      >
        <div
          class="wire"
        >
          <span
            class="nail"
          />
        </div>
        <div
          class="skill-box center"
        >
          <div
            class="logo bg-styled-components"
          />
          <span>
            StyledComponents
          </span>
        </div>
      </div>
      <div
        class="container__skill-card"
      >
        <div
          class="wire"
        >
          <span
            class="nail"
          />
        </div>
        <div
          class="skill-box"
        >
          <div
            class="wrapper__logo-text"
          >
            <div
              class="logo bg-css3"
            />
            <span>
              CSS
            </span>
          </div>
          <div
            class="wrapper__logo-text"
          >
            <span>
              Sass
            </span>
            <div
              class="logo bg-sass"
            />
          </div>
        </div>
      </div>
      <div
        class="container__skill-card"
      >
        <div
          class="wire"
        >
          <span
            class="nail"
          />
        </div>
        <div
          class="skill-box center"
        >
          <span>
            Material UI
          </span>
        </div>
      </div>
      <div
        class="container__skill-card"
      >
        <div
          class="wire"
        >
          <span
            class="nail"
          />
        </div>
        <div
          class="skill-box center"
        >
          <div
            class="logo bg-jest"
          />
          <span>
            Jest
          </span>
        </div>
      </div>
      <div
        class="container__skill-card"
      >
        <div
          class="wire"
        >
          <span
            class="nail"
          />
        </div>
        <div
          class="skill-box center"
        >
          <div
            class="logo bg-jest"
          />
          <span>
            Cypress
          </span>
        </div>
      </div>
      <div
        class="container__skill-card"
      >
        <div
          class="wire"
        >
          <span
            class="nail"
          />
        </div>
        <div
          class="skill-box center"
        >
          <div
            class="logo bg-testing_library"
          />
          <span>
            <small>
              React Testing Library
            </small>
          </span>
        </div>
      </div>
      <div
        class="container__skill-card"
      >
        <div
          class="wire"
        >
          <span
            class="nail"
          />
        </div>
        <div
          class="skill-box center"
        >
          <div
            class="logo bg-dynamoDB"
          />
          <span>
            DynamoDB
          </span>
        </div>
      </div>
      <div
        class="container__skill-card"
      >
        <div
          class="wire"
        >
          <span
            class="nail"
          />
        </div>
        <div
          class="skill-box center"
        >
          <div
            class="logo bg-dynamoDB"
          />
          <span>
            Cognito
          </span>
        </div>
      </div>
      <div
        class="container__skill-card"
      >
        <div
          class="wire"
        >
          <span
            class="nail"
          />
        </div>
        <div
          class="skill-box center"
        >
          <div
            class="logo bg-postgreSQL"
          />
          <span>
            PostgreSQL
          </span>
        </div>
      </div>
      <div
        class="container__skill-card"
      >
        <div
          class="wire"
        >
          <span
            class="nail"
          />
        </div>
        <div
          class="skill-box center"
        >
          <span>
            Supabase
          </span>
        </div>
      </div>
      <div
        class="container__skill-card"
      >
        <div
          class="wire"
        >
          <span
            class="nail"
          />
        </div>
        <div
          class="skill-box center"
        >
          <div
            class="logo bg-redux"
          />
          <span>
            Redux
          </span>
        </div>
      </div>
      <div
        class="container__skill-card"
      >
        <div
          class="wire"
        >
          <span
            class="nail"
          />
        </div>
        <div
          class="skill-box center"
        >
          <span>
            Datadog
          </span>
        </div>
      </div>
      <div
        class="container__skill-card"
      >
        <div
          class="wire"
        >
          <span
            class="nail"
          />
        </div>
        <div
          class="skill-box center"
        >
          <span>
            Prisma
          </span>
        </div>
      </div>
      <div
        class="container__skill-card"
      >
        <div
          class="wire"
        >
          <span
            class="nail"
          />
        </div>
        <div
          class="skill-box"
        >
          <div
            class="wrapper__logo-text"
          >
            <div
              class="logo bg-git"
            />
            <span>
              Git
            </span>
          </div>
          <div
            class="wrapper__logo-text"
          >
            <span>
              GitHub
            </span>
            <div
              class="logo bg-github special"
            />
          </div>
        </div>
      </div>
    </main>
  </div>
</div>
`;
