// Jest Snapshot v1, https://goo.gl/fbAQLP

exports[`NotFound renders correctly should match snapshot 1`] = `
<div>
  <main
    class="NotFound"
  >
    <h2>
      <p>
        An error has ocurred! 
      </p>
      <p>
        Please click the button below to return to the home page or use the above navigation buttons to return to the website
      </p>
      <a
        href="/projects"
      >
        <button>
          Back to Home Page
        </button>
      </a>
    </h2>
  </main>
</div>
`;
